// Jest Snapshot v1, https://goo.gl/fbAQLP

exports[`saves scroll position onMomentumScrollEnd and restores on componentDidMount 1`] = `
<RCTScrollView
  component={[Function]}
  onMomentumScrollEnd={[Function]}
  onScrollEndDrag={[Function]}
  scrollKey="foo"
>
  <View />
</RCTScrollView>
`;

exports[`saves scroll position onScrollEndDrag and restores on componentDidUpdate 1`] = `
<RCTScrollView
  component={[Function]}
  onMomentumScrollEnd={[Function]}
  onScrollEndDrag={[Function]}
  scrollKey="foo"
>
  <View />
</RCTScrollView>
`;
